17:40:06 **** Incremental Build of configuration Debug for project 2 ****
make -j8 all 
Building file: ../src/main.s
Invoking: MCU GCC Assembler
/home/shay/a/uozor/workspace/ECE362/2/Debug
arm-none-eabi-as -mcpu=cortex-m0 -mthumb -mfloat-abi=soft -I"/home/shay/a/uozor/workspace/ECE362/2/Utilities" -I"/home/shay/a/uozor/workspace/ECE362/2/StdPeriph_Driver/inc" -I"/home/shay/a/uozor/workspace/ECE362/2/inc" -I"/home/shay/a/uozor/workspace/ECE362/2/CMSIS/device" -I"/home/shay/a/uozor/workspace/ECE362/2/CMSIS/core" -g -o "src/main.o" "../src/main.s"
Finished building: ../src/main.s
 
Building target: 2.elf
Invoking: MCU GCC Linker
arm-none-eabi-gcc -mcpu=cortex-m0 -mthumb -mfloat-abi=soft -T"/home/shay/a/uozor/workspace/ECE362/2/LinkerScript.ld" -Wl,-Map=output.map -Wl,--gc-sections -o "2.elf" @"objects.list"   -lm
Finished building target: 2.elf
 
make --no-print-directory post-build
Generating binary and Printing size information:
arm-none-eabi-objcopy -O binary "2.elf" "2.bin"
arm-none-eabi-size "2.elf"
   text	   data	    bss	    dec	    hex	filename
   1200	   1248	    196	   2644	    a54	2.elf
 

17:40:07 Build Finished (took 562ms)

