21:17:34 **** Incremental Build of configuration Debug for project LAB4 ****
make -j8 all 
Building target: LAB4.elf
Invoking: MCU GCC Linker
arm-none-eabi-gcc -mcpu=cortex-m0 -mthumb -mfloat-abi=soft -T"Z:/workspace/ECE362/LAB4/LinkerScript.ld" -Wl,-Map=output.map -Wl,--gc-sections -o "LAB4.elf" @"objects.list" Z:/workspace/ECE362/LAB4/src/autotest.o  -lm
Finished building target: LAB4.elf
 
make --no-print-directory post-build
Generating binary and Printing size information:
arm-none-eabi-objcopy -O binary "LAB4.elf" "LAB4.bin"
arm-none-eabi-size "LAB4.elf"
   text	   data	    bss	    dec	    hex	filename
   1580	   1080	    204	   2864	    b30	LAB4.elf
 
21:18:20 **** Incremental Build of configuration Debug for project LAB4 ****
make -j8 all 
make: Nothing to be done for 'all'.
21:18:48 **** Incremental Build of configuration Debug for project HW4 ****
make -j8 all 
make: Nothing to be done for 'all'.
